[www.grote-wielen.nl/index.html]
[www.grote-wielen.nl/friksbeheer/xmlrpc.php]
[backblue.gif]
[fade.gif]
[index.html]
[www.grote-wielen.nl/friksbeheer/wp-includes/js/jquery/jqueryb8ff.js]
[www.grote-wielen.nl/friksbeheer/wp-includes/js/jquery/jquery-migrate.min330a.js]
[www.grote-wielen.nl/friksbeheer/wp-content/plugins/frix-setup/public/js/frix-setup-public0ba6.js]
[www.grote-wielen.nl/friksbeheer/wp-content/themes/frix-template-standard/js/jquery.easing.min8e83.js]
[www.grote-wielen.nl/friksbeheer/wp-content/themes/frix-template-standard/js/jquery.bxslider.min8e83.js]
[www.grote-wielen.nl/friksbeheer/wp-content/themes/frix-template-standard/js/slick.min8e83.js]
[www.grote-wielen.nl/friksbeheer/wp-content/themes/frix-template-standard/js/jquery.matchHeight-min8e83.js]
[www.grote-wielen.nl/friksbeheer/wp-content/themes/frix-template-standard/js/functions8e83.js]
[www.grote-wielen.nl/friksbeheer/xmlrpc0db0.php]
[www.grote-wielen.nl/wp-json/index.html]
[www.grote-wielen.nl/friksbeheer/wp-includes/wlwmanifest.xml]
[www.grote-wielen.nl/wp-json/oembed/1.0/embed19ef.json]
[www.grote-wielen.nl/wp-json/oembed/1.0/embed8f03]
[www.google-analytics.com/analytics.js]
[consent.cookiebot.com/uc.js]
[connect.facebook.net/nl_NL/sdk.js]
[www.grote-wielen.nl/friksbeheer/wp-content/uploads/2017/12/logo-groteiwelen.png]
[www.grote-wielen.nl/over-ons/index.html]
[www.grote-wielen.nl/openingstijden/index.html]
[www.grote-wielen.nl/contact/index.html]
[www.grote-wielen.nl/eten-en-drinken/index.html]
[www.grote-wielen.nl/eten-en-drinken/tafelbarbecue/index.html]
[www.grote-wielen.nl/eten-en-drinken/a-la-carte/index.html]
[www.grote-wielen.nl/friksbeheer/wp-content/uploads/2017/11/Restaurant-Grote-Wielen-luchtfoto-1800x620.jpg]
[www.grote-wielen.nl/eten-en-drinken/onze-menus/index.html]
[www.grote-wielen.nl/eten-en-drinken/buffetten/index.html]
[www.grote-wielen.nl/friksbeheer/wp-content/uploads/2017/12/terras-Grote-Wielen-1800x620.jpg]
[www.grote-wielen.nl/friksbeheer/wp-content/uploads/2017/11/Aqua-Zoo-1800x620.jpg]
[www.grote-wielen.nl/eten-en-drinken/koffietafel/index.html]
[www.grote-wielen.nl/friksbeheer/wp-content/uploads/2017/11/restaurant-691397_1920-370x220.jpg]
[www.grote-wielen.nl/friksbeheer/wp-content/uploads/2017/11/Bar-in-restaurant-Grote-Wielen-370x220.jpg]
[www.grote-wielen.nl/friksbeheer/wp-content/uploads/2017/11/jachthaven2-370x220.jpg]
[www.grote-wielen.nl/friksbeheer/wp-content/uploads/2017/11/Restaurant-met-uitzicht-over-het-water.jpg]
[www.grote-wielen.nl/eten-en-drinken/high-tea/index.html]
[www.grote-wielen.nl/vergaderen/index.html]
[www.grote-wielen.nl/chaletverhuur/index.html]
[www.grote-wielen.nl/jachthaven/index.html]
[www.grote-wielen.nl/jachthaven/bootverhuur/index.html]
[template.friks.it/friksbeheer/wp-content/uploads/2018/01/aed-pictogrammen_2411_350x400-263x300.png]
[www.grote-wielen.nl/activiteiten/index.html]
[template.friks.it/friksbeheer/wp-content/uploads/2018/01/anwb-logo-groot-300x188.20.delayed]
[www.grote-wielen.nl/feesten/index.html]
[www.grote-wielen.nl/eten-en-drinken2/index.html]
[template.friks.it/friksbeheer/wp-content/uploads/2018/01/wi-fi-zwart-300x192.png]
[www.grote-wielen.nl/virtuele-tour/index.html]
[www.grote-wielen.nl/sitemap/index.html]
[www.grote-wielen.nl/friksbeheer/wp-includes/js/wp-embed.min8e83.js]
[www.grote-wielen.nl/index.html]
[www.grote-wielen.nl/friksbeheer/xmlrpc.html]
[www.grote-wielen.nl/friksbeheer/wp-content/plugins/frix-setup/public/css/frix-setup-public0ba6.css]
[www.grote-wielen.nl/friksbeheer/wp-content/themes/frix-template-standard/css/normalize4963.css]
[www.grote-wielen.nl/friksbeheer/wp-content/themes/frix-template-standard/fonts/fontawesome-webfont3e6e.eot]
[www.grote-wielen.nl/friksbeheer/wp-content/themes/frix-template-standard/fonts/fontawesome-webfontd41d.eot]
[www.grote-wielen.nl/friksbeheer/wp-content/themes/frix-template-standard/fonts/fontawesome-webfont3e6e.woff]
[www.grote-wielen.nl/friksbeheer/wp-content/themes/frix-template-standard/fonts/fontawesome-webfont3e6e.ttf]
[www.grote-wielen.nl/friksbeheer/wp-content/themes/frix-template-standard/css/font-awesome.min4963.css]
[www.grote-wielen.nl/friksbeheer/wp-content/themes/frix-template-standard/img/arrow-left-tem.png]
[www.grote-wielen.nl/friksbeheer/wp-content/themes/frix-template-standard/img/arrow-right-tem.png]
[www.grote-wielen.nl/friksbeheer/wp-content/themes/frix-template-standard/img/arrow-main-left.png]
[www.grote-wielen.nl/friksbeheer/wp-content/themes/frix-template-standard/img/arrow-main-right.png]
[www.grote-wielen.nl/friksbeheer/wp-content/themes/frix-template-standard/style8e83.css]
[www.grote-wielen.nl/friksbeheer/wp-content/themes/frix-template-standard/css/colors8e83.css]
[connect.facebook.net/nl_NL/sdk.js]
[www.grote-wielen.nl/wp-json/oembed/1.0/embeda314.json]
[www.grote-wielen.nl/wp-json/oembed/1.0/embed95e2]
[www.grote-wielen.nl/friksbeheer/wp-content/uploads/2017/12/terras-Grote-Wielen-1800x460.jpg]
[www.grote-wielen.nl/friksbeheer/wp-content/uploads/2017/12/bar-800x450.jpg]
[www.grote-wielen.nl/friksbeheer/wp-content/uploads/2017/12/Restaurant-de-Grote-Wielen-2-800x450.jpg]
[www.grote-wielen.nl/friksbeheer/wp-content/uploads/2017/12/Restaurant-de-Grote-Wielen-3-800x450.jpg]
[www.grote-wielen.nl/friksbeheer/wp-content/uploads/2017/11/Bar-in-restaurant-Grote-Wielen-800x450.jpg]
[www.grote-wielen.nl/friksbeheer/wp-content/uploads/2017/12/bar-185x125.jpg]
[www.grote-wielen.nl/friksbeheer/wp-content/uploads/2017/12/Restaurant-de-Grote-Wielen-2-185x125.jpg]
[www.grote-wielen.nl/friksbeheer/wp-content/uploads/2017/12/Restaurant-de-Grote-Wielen-3-185x125.jpg]
[www.grote-wielen.nl/friksbeheer/wp-content/uploads/2017/11/Bar-in-restaurant-Grote-Wielen-185x125.jpg]
[www.grote-wielen.nl/over-ons/index.html]
[www.grote-wielen.nl/wp-json/oembed/1.0/embedde92.json]
[www.grote-wielen.nl/wp-json/oembed/1.0/embed8f81]
[www.grote-wielen.nl/friksbeheer/wp-content/uploads/2017/12/bar-1800x460.jpg]
[template.friks.it/friksbeheer/wp-content/uploads/2017/12/6-300x200.jpg]
[www.grote-wielen.nl/openingstijden/index.html]
[www.grote-wielen.nl/friksbeheer/wp-content/themes/frix-template-standard/js/maps8e83.js]
[www.grote-wielen.nl/wp-json/oembed/1.0/embed0d75.json]
[www.grote-wielen.nl/wp-json/oembed/1.0/embed4c9f]
[www.grote-wielen.nl/contact/index.html]
[www.grote-wielen.nl/friksbeheer/wp-content/uploads/2018/02/samen-eten-en-drinken-1800x460.jpg]
[www.grote-wielen.nl/friksbeheer/wp-content/uploads/2017/11/header-hapjes-1-370x190.jpg]
[www.grote-wielen.nl/eten-en-drinken/feed/index.html]
[www.grote-wielen.nl/friksbeheer/wp-content/uploads/2017/12/koffie-en-croissantjes-370x190.jpg]
[www.grote-wielen.nl/friksbeheer/wp-content/uploads/2017/12/buffet-370x190.jpg]
[www.grote-wielen.nl/friksbeheer/wp-content/uploads/2017/12/high-tea-370x190.jpg]
[www.grote-wielen.nl/friksbeheer/wp-content/uploads/2017/12/a-la-cart-370x190.jpg]
[www.grote-wielen.nl/friksbeheer/wp-content/uploads/2017/12/menukaart-370x190.jpg]
[www.grote-wielen.nl/eten-en-drinken/index.html]
[www.grote-wielen.nl/friksbeheer/wp-content/uploads/2017/12/a-la-cart.jpg]
[www.grote-wielen.nl/wp-json/oembed/1.0/embed41bd.json]
[www.grote-wielen.nl/wp-json/oembed/1.0/embed8d4e]
[www.grote-wielen.nl/friksbeheer/wp-content/uploads/2017/12/soep-met-aardappelen-1800x460.jpg]
[www.grote-wielen.nl/eten-en-drinken/a-la-carte/index.html]
[www.grote-wielen.nl/menukaart-a-la-carte/index.html]
[www.grote-wielen.nl/friksbeheer/wp-content/uploads/2017/12/menukaart.jpg]
[www.grote-wielen.nl/lunchkaart/index.html]
[www.grote-wielen.nl/kleine-kaart/index.html]
[www.grote-wielen.nl/wp-json/oembed/1.0/embed448e.json]
[www.grote-wielen.nl/wp-json/oembed/1.0/embedb6c3]
[www.grote-wielen.nl/friksbeheer/wp-content/uploads/2017/12/menukaart-1800x460.jpg]
[www.grote-wielen.nl/eten-en-drinken/onze-menus/index.html]
[www.grote-wielen.nl/keuzemenu-1/index.html]
[www.grote-wielen.nl/keuzemenu-2/index.html]
[www.grote-wielen.nl/menu-houtwielen/index.html]
[www.grote-wielen.nl/menu-wielzicht/index.html]
[www.grote-wielen.nl/menu-sierdswielen/index.html]
[www.grote-wielen.nl/friksbeheer/wp-content/uploads/2017/11/header-hapjes-1.jpg]
[www.grote-wielen.nl/menu-wielenhals/index.html]
[www.grote-wielen.nl/wp-json/oembed/1.0/embed2544.json]
[www.grote-wielen.nl/wp-json/oembed/1.0/embed4002]
[www.grote-wielen.nl/friksbeheer/wp-content/uploads/2017/11/header-hapjes-1-1800x460.jpg]
[template.friks.it/friksbeheer/wp-content/uploads/2017/12/32.jpg]
[www.grote-wielen.nl/eten-en-drinken/tafelbarbecue/index.html]
[www.grote-wielen.nl/friksbeheer/wp-content/uploads/2017/12/buffet.jpg]
[www.grote-wielen.nl/wp-json/oembed/1.0/embed3b12.json]
[www.grote-wielen.nl/wp-json/oembed/1.0/embed7ada]
[www.grote-wielen.nl/friksbeheer/wp-content/uploads/2017/12/buffet-1800x460.jpg]
[www.grote-wielen.nl/eten-en-drinken/buffetten/index.html]
[www.grote-wielen.nl/buffet-de-wielen/index.html]
[www.grote-wielen.nl/stamppotbuffet/index.html]
[www.grote-wielen.nl/oosters-buffet/index.html]
[www.grote-wielen.nl/middellandse-zeebuffet/index.html]
[www.grote-wielen.nl/koud-buffet/index.html]
[www.grote-wielen.nl/koud-warm-buffet/index.html]
[www.grote-wielen.nl/warm-buffet/index.html]
[www.grote-wielen.nl/friksbeheer/wp-content/uploads/2017/12/koffie-en-croissantjes.jpg]
[www.grote-wielen.nl/wp-json/oembed/1.0/embed0ccd.json]
[www.grote-wielen.nl/wp-json/oembed/1.0/embedeab0]
[www.grote-wielen.nl/friksbeheer/wp-content/uploads/2017/12/koffie-en-croissantjes-1800x460.jpg]
[www.grote-wielen.nl/eten-en-drinken/koffietafel/index.html]
[www.grote-wielen.nl/friksbeheer/wp-content/uploads/2017/12/high-tea.jpg]
[www.grote-wielen.nl/wp-json/oembed/1.0/embed2732.json]
[www.grote-wielen.nl/wp-json/oembed/1.0/embedbcdb]
[www.grote-wielen.nl/friksbeheer/wp-content/uploads/2017/12/high-tea-met-kleine-sandwiches-1800x460.jpg]
[www.grote-wielen.nl/eten-en-drinken/high-tea/index.html]
[www.grote-wielen.nl/wp-json/oembed/1.0/embed6317.json]
[www.grote-wielen.nl/wp-json/oembed/1.0/embed261a]
[www.grote-wielen.nl/friksbeheer/wp-content/uploads/2017/12/Vergaderen-Leeuwarden-Grote-Wielen-1800x460.jpg]
[www.grote-wielen.nl/friksbeheer/wp-content/uploads/2017/12/Vergaderen-Leeuwarden-Grote-Wielen-800x450.jpg]
[www.grote-wielen.nl/friksbeheer/wp-content/uploads/2017/12/Vergaderen-Grote-Wielen-Leeuwarden-3-800x450.jpg]
[www.grote-wielen.nl/friksbeheer/wp-content/uploads/2017/12/Vergaderen-Grote-Wielen-Leeuwarden-800x450.jpg]
[www.grote-wielen.nl/friksbeheer/wp-content/uploads/2017/12/terras-Grote-Wielen-800x450.jpg]
[www.grote-wielen.nl/vergaderen/vergaderarrangement/index.html]
[www.grote-wielen.nl/friksbeheer/wp-content/uploads/2017/12/Vergaderen-Leeuwarden-Grote-Wielen-185x125.jpg]
[www.grote-wielen.nl/friksbeheer/wp-content/uploads/2017/12/Vergaderen-Grote-Wielen-Leeuwarden-3-185x125.jpg]
[www.grote-wielen.nl/friksbeheer/wp-content/uploads/2017/12/Vergaderen-Grote-Wielen-Leeuwarden-185x125.jpg]
[www.grote-wielen.nl/friksbeheer/wp-content/uploads/2017/12/terras-Grote-Wielen-185x125.jpg]
[www.grote-wielen.nl/vergaderen/index.html]
[www.grote-wielen.nl/wp-json/oembed/1.0/embed37ea.json]
[www.grote-wielen.nl/wp-json/oembed/1.0/embed1833]
[www.grote-wielen.nl/friksbeheer/wp-content/uploads/2017/12/jachthaven-header-1800x460.jpg]
[www.grote-wielen.nl/friksbeheer/wp-content/uploads/2017/12/jachthaven-grote-wielen-800x450.jpg]
[www.grote-wielen.nl/friksbeheer/wp-content/uploads/2017/12/jachthaven2-1-800x450.jpg]
[www.grote-wielen.nl/friksbeheer/wp-content/uploads/2017/12/jachthaven-boten-1-800x450.jpg]
[www.grote-wielen.nl/friksbeheer/wp-content/uploads/2017/12/jachthaven-grote-wielen-185x125.jpg]
[www.grote-wielen.nl/friksbeheer/wp-content/uploads/2017/12/jachthaven2-1-185x125.jpg]
[www.grote-wielen.nl/friksbeheer/wp-content/uploads/2017/12/jachthaven-boten-1-185x125.jpg]
[www.grote-wielen.nl/jachthaven/index.html]
[www.grote-wielen.nl/wp-json/oembed/1.0/embeda181.json]
[www.grote-wielen.nl/wp-json/oembed/1.0/embeda7f2]
[www.grote-wielen.nl/friksbeheer/wp-content/uploads/2017/12/boot-800x450.jpg]
[www.grote-wielen.nl/friksbeheer/wp-content/uploads/2017/12/boot-185x125.jpg]
[www.grote-wielen.nl/jachthaven/bootverhuur/index.html]
[www.grote-wielen.nl/wp-json/oembed/1.0/embed9cbe.json]
[www.grote-wielen.nl/wp-json/oembed/1.0/embed9270]
[www.grote-wielen.nl/friksbeheer/wp-content/uploads/2017/12/chalets-header-1800x460.jpg]
[www.grote-wielen.nl/friksbeheer/wp-content/uploads/2017/12/chaletverhuur-grote-wielen-3-641x450.jpg]
[www.grote-wielen.nl/friksbeheer/wp-content/uploads/2017/12/chaletverhuur-grote-wielen-1-640x450.jpg]
[www.grote-wielen.nl/friksbeheer/wp-content/uploads/2017/12/chaletverhuur-grote-wielen-2.jpg]
[www.grote-wielen.nl/friksbeheer/wp-content/uploads/2017/12/Chaletverhuur-bij-De-Grote-Wielen-Leeuwarden-800x450.jpg]
[www.grote-wielen.nl/friksbeheer/wp-content/uploads/2017/12/chaletverhuur-grote-wielen-3-185x125.jpg]
[www.grote-wielen.nl/friksbeheer/wp-content/uploads/2017/12/chaletverhuur-grote-wielen-1-185x125.jpg]
[www.grote-wielen.nl/friksbeheer/wp-content/uploads/2017/12/chaletverhuur-grote-wielen-2-185x125.jpg]
[www.grote-wielen.nl/friksbeheer/wp-content/uploads/2017/12/Chaletverhuur-bij-De-Grote-Wielen-Leeuwarden-185x125.jpg]
[www.grote-wielen.nl/friksbeheer/wp-content/uploads/2017/12/rondvaart-800x450.jpg]
[www.grote-wielen.nl/friksbeheer/wp-content/uploads/2017/12/chaletverhuur-grote-wielen-4.jpg]
[www.grote-wielen.nl/friksbeheer/wp-content/uploads/2017/12/jachthaven-boten-800x450.jpg]
[www.grote-wielen.nl/friksbeheer/wp-content/uploads/2017/12/rondvaart-185x125.jpg]
[www.grote-wielen.nl/friksbeheer/wp-content/uploads/2017/12/chaletverhuur-grote-wielen-4-185x125.jpg]
[www.grote-wielen.nl/friksbeheer/wp-content/uploads/2017/12/jachthaven-boten-185x125.jpg]
[www.grote-wielen.nl/chaletverhuur/index.html]
[www.grote-wielen.nl/friksbeheer/wp-content/uploads/2018/02/boogschieten-jongen-1800x460.jpg]
[www.grote-wielen.nl/friksbeheer/wp-content/uploads/2018/02/Vuur-maken-WomanOnly-370x190.jpg]
[www.grote-wielen.nl/friksbeheer/wp-content/uploads/2018/02/Buitensport_009-468x468-370x190.jpg]
[www.grote-wielen.nl/activiteiten/feed/index.html]
[www.grote-wielen.nl/activiteiten/vrijgezellenfeest/index.html]
[www.grote-wielen.nl/friksbeheer/wp-content/uploads/2018/02/bow-929920_1920-370x190.jpg]
[www.grote-wielen.nl/friksbeheer/wp-content/uploads/2018/02/Sprotverenigingen-Team-Challenge_1-468x468-1-370x190.jpg]
[www.grote-wielen.nl/friksbeheer/wp-content/uploads/2018/01/pinguin-370x190.jpg]
[www.grote-wielen.nl/activiteiten/index.html]
[www.grote-wielen.nl/friksbeheer/wp-content/uploads/2017/12/paintball-actiefoto-370x190.jpg]
[www.grote-wielen.nl/activiteiten/familie-break/index.html]
[www.grote-wielen.nl/activiteiten/actief-kinderfeestje/index.html]
[www.grote-wielen.nl/wp-json/oembed/1.0/embeda248.json]
[www.grote-wielen.nl/activiteiten/team-challenge/index.html]
[www.grote-wielen.nl/activiteiten/bezoek-aquazoo/index.html]
[www.grote-wielen.nl/wp-json/oembed/1.0/embed0ae0]
[www.grote-wielen.nl/activiteiten/paintball/index.html]
[www.grote-wielen.nl/friksbeheer/wp-content/uploads/2017/12/feest-1800x460.jpg]
[www.grote-wielen.nl/friksbeheer/wp-content/uploads/2017/11/Restaurant-met-uitzicht-over-het-water-800x450.jpg]
[www.grote-wielen.nl/friksbeheer/wp-content/uploads/2017/11/Restaurant-met-uitzicht-over-het-water-185x125.jpg]
[www.grote-wielen.nl/feesten/index.html]
[www.grote-wielen.nl/wp-json/oembed/1.0/embedf799.json]
[www.grote-wielen.nl/wp-json/oembed/1.0/embeda4f7]
[template.friks.it/friksbeheer/wp-content/uploads/2017/12/tafel-gedekt-300x200.jpg]
[www.grote-wielen.nl/friksbeheer/wp-content/uploads/2017/11/pompoen-soep-800x450.jpg]
[www.grote-wielen.nl/friksbeheer/wp-content/uploads/2017/11/unnamed-file-800x450.jpg]
[www.grote-wielen.nl/eten-en-drinken/lunchkaart/index.html]
[www.grote-wielen.nl/friksbeheer/wp-content/uploads/2017/11/jachthaven2-800x450.jpg]
[www.grote-wielen.nl/eten-en-drinken/keuzemenu-1/index.html]
[www.grote-wielen.nl/friksbeheer/wp-content/uploads/2017/11/pompoen-soep-185x125.jpg]
[www.grote-wielen.nl/friksbeheer/wp-content/uploads/2017/11/unnamed-file-185x125.jpg]
[www.grote-wielen.nl/friksbeheer/wp-content/uploads/2017/11/jachthaven2-185x125.jpg]
[www.grote-wielen.nl/eten-en-drinken2/index.html]
[www.grote-wielen.nl/eten-en-drinken/keuzemenu-2/index.html]
[www.grote-wielen.nl/eten-en-drinken/menu-sierdswielen-en-wielenhals/index.html]
[www.grote-wielen.nl/eten-en-drinken/viergangen-kerstdiner/index.html]
[www.grote-wielen.nl/wp-json/oembed/1.0/embedd84b.json]
[www.grote-wielen.nl/wp-json/oembed/1.0/embed7913]
[www.grote-wielen.nl/friksbeheer/wp-content/uploads/2017/12/Zaal-in-De-Grote-Wielen-header-1800x460.jpg]
[www.grote-wielen.nl/virtuele-tour/index.html]
[www.grote-wielen.nl/wp-json/oembed/1.0/embedfd3f.json]
[www.grote-wielen.nl/wp-json/oembed/1.0/embedf9f4]
[www.grote-wielen.nl/friksbeheer/wp-content/uploads/2017/12/jachthaven-1800x460.jpg]
[www.grote-wielen.nl/sitemap/index.html]
[www.grote-wielen.nl/friksbeheer/wp-content/themes/frix-template-standard/fonts/fontawesome-webfont3e6e.html]
[www.grote-wielen.nl/chaletverhuur-leeuwarden/index.html]
[www.grote-wielen.nl/chaletverhuur-friesland/index.html]
[www.grote-wielen.nl/bedankt/index.html]
[www.grote-wielen.nl/cookies/index.html]
[www.grote-wielen.nl/friksbeheer/wp-content/themes/frix-template-standard/fonts/fontawesome-webfont3e6e.svg]
[www.grote-wielen.nl/eten-in-friesland/index.html]
[www.grote-wielen.nl/eten-in-leeuwarden/index.html]
[www.grote-wielen.nl/restaurant-friesland/index.html]
[www.grote-wielen.nl/restaurant-leeuwarden/index.html]
[www.grote-wielen.nl/friksbeheer/wp-content/themes/frix-template-standard/img/arrow.svg]
[www.grote-wielen.nl/stacaravan-friesland/index.html]
[www.grote-wielen.nl/uit-eten-friesland/index.html]
[www.grote-wielen.nl/stacaravan-leeuwarden/index.html]
[www.grote-wielen.nl/indexa09e.html]
[www.grote-wielen.nl/uit-eten-leeuwarden/index.html]
[www.grote-wielen.nl/vergaderlocatie-friesland/index.html]
[www.grote-wielen.nl/vergaderlocatie-leeuwarden/index.html]
[www.grote-wielen.nl/index5750.html]
[www.grote-wielen.nl/indexa36b.html]
[www.grote-wielen.nl/friksbeheer/wp-content/plugins/gravityforms/css/formreset.min4e1f.css]
[www.grote-wielen.nl/vergaderruimte-friesland/index.html]
[www.grote-wielen.nl/vergaderruimte-leeuwarden/index.html]
[www.grote-wielen.nl/friksbeheer/wp-content/plugins/gravityforms/images/chosen-sprite.png]
[www.grote-wielen.nl/viergangen-kerstdiner/index.html]
[www.grote-wielen.nl/friksbeheer/wp-content/plugins/gravityforms/images/chosen-sprite-2x.png]
[www.grote-wielen.nl/friksbeheer/wp-content/plugins/gravityforms/images/gf-creditcard-icons.png]
[www.grote-wielen.nl/friksbeheer/wp-content/plugins/gravityforms/css/formsmain.min4e1f.css]
[www.grote-wielen.nl/friksbeheer/wp-content/plugins/gravityforms/css/readyclass.min4e1f.css]
[www.grote-wielen.nl/friksbeheer/wp-content/plugins/gravityforms/css/browsers.min4e1f.css]
[www.grote-wielen.nl/index6353.html]
[www.grote-wielen.nl/wp-json/oembed/1.0/embed1749.json]
[www.grote-wielen.nl/wp-json/oembed/1.0/embed5d43]
[www.grote-wielen.nl/friksbeheer/wp-content/uploads/2017/12/groente-1800x460.png]
[www.grote-wielen.nl/menukaart-a-la-carte/index.html]
[www.grote-wielen.nl/wp-json/oembed/1.0/embede699.json]
[www.grote-wielen.nl/wp-json/oembed/1.0/embedbafc]
[www.grote-wielen.nl/friksbeheer/wp-content/uploads/2017/12/bbq-1800x460.jpg]
[www.grote-wielen.nl/lunchkaart/index.html]
[www.grote-wielen.nl/kleine-kaart/index.html]
[www.grote-wielen.nl/indexc31c.html]
[www.grote-wielen.nl/wp-json/oembed/1.0/embedcd02.json]
[www.grote-wielen.nl/wp-json/oembed/1.0/embed4dc2]
[www.grote-wielen.nl/keuzemenu-1/index.html]
[www.grote-wielen.nl/wp-json/oembed/1.0/embed3e64.json]
[www.grote-wielen.nl/wp-json/oembed/1.0/embed8d45]
[www.grote-wielen.nl/keuzemenu-2/index.html]
[www.grote-wielen.nl/menu-wielzicht/index.html]
[www.grote-wielen.nl/menu-houtwielen/index.html]
[www.grote-wielen.nl/menu-sierdswielen/index.html]
[www.grote-wielen.nl/menu-wielenhals/index.html]
[www.grote-wielen.nl/index6a35.html]
[www.grote-wielen.nl/indexa260.html]
[www.grote-wielen.nl/wp-json/oembed/1.0/embed8078.json]
[www.grote-wielen.nl/wp-json/oembed/1.0/embede726]
[www.grote-wielen.nl/friksbeheer/wp-content/uploads/2017/12/Lasagne-1800x460.jpg]
[www.grote-wielen.nl/middellandse-zeebuffet/index.html]
[www.grote-wielen.nl/wp-json/oembed/1.0/embed9ae9.json]
[www.grote-wielen.nl/wp-json/oembed/1.0/embed9a22]
[www.grote-wielen.nl/friksbeheer/wp-content/uploads/2017/12/rijst-en-groente-1800x460.jpg]
[www.grote-wielen.nl/oosters-buffet/index.html]
[www.grote-wielen.nl/wp-json/oembed/1.0/embedc7da.json]
[www.grote-wielen.nl/wp-json/oembed/1.0/embedae80]
[www.grote-wielen.nl/friksbeheer/wp-content/uploads/2017/12/gedekte-tafel-kerstdiner-1800x460.jpg]
[www.grote-wielen.nl/stamppotbuffet/index.html]
[www.grote-wielen.nl/wp-json/oembed/1.0/embeda1e1.json]
[www.grote-wielen.nl/wp-json/oembed/1.0/embedc41b]
[www.grote-wielen.nl/buffet-de-wielen/index.html]
[www.grote-wielen.nl/wp-json/oembed/1.0/embed0b3d.json]
[www.grote-wielen.nl/wp-json/oembed/1.0/embede6e3]
[www.grote-wielen.nl/friksbeheer/wp-content/uploads/2017/11/pompoen-soep-1800x460.jpg]
[www.grote-wielen.nl/koud-buffet/index.html]
[www.grote-wielen.nl/wp-json/oembed/1.0/embedf4e5.json]
[www.grote-wielen.nl/wp-json/oembed/1.0/embed2f4c]
[www.grote-wielen.nl/koud-warm-buffet/index.html]
[www.grote-wielen.nl/wp-json/oembed/1.0/embede9db.json]
[www.grote-wielen.nl/wp-json/oembed/1.0/embedc5ea]
[www.grote-wielen.nl/friksbeheer/wp-content/uploads/2017/12/varkenshaas-met-wortels-en-broccoli-1800x460.jpg]
[www.grote-wielen.nl/warm-buffet/index.html]
[www.grote-wielen.nl/index2905.html]
[www.grote-wielen.nl/index7014.html]
[www.grote-wielen.nl/indexc902.html]
[www.grote-wielen.nl/wp-json/oembed/1.0/embed4a09.json]
[www.grote-wielen.nl/wp-json/oembed/1.0/embed9009]
[www.grote-wielen.nl/friksbeheer/wp-content/uploads/2017/12/Restaurant-de-Grote-Wielen-1800x460.jpg]
[template.friks.it/friksbeheer/wp-content/uploads/2017/12/10-300x149.jpg]
[template.friks.it/friksbeheer/wp-content/uploads/2017/12/8-300x149.jpg]
[www.grote-wielen.nl/vergaderen/vergaderarrangement/index.html]
[www.grote-wielen.nl/index8c34.html]
[www.grote-wielen.nl/index092b.html]
[www.grote-wielen.nl/index6eea.html]
[www.grote-wielen.nl/friksbeheer/wp-content/uploads/2018/02/Vuur-maken-WomanOnly.jpg]
[www.grote-wielen.nl/wp-json/oembed/1.0/embed37ee.json]
[www.grote-wielen.nl/wp-json/oembed/1.0/embed1f8f]
[www.grote-wielen.nl/friksbeheer/wp-content/uploads/2018/02/peddels-1800x460.jpg]
[template.friks.it/friksbeheer/wp-content/uploads/2018/02/Vuur-maken-WomanOnly-150x150.jpg]
[www.grote-wielen.nl/activiteiten/vrijgezellenfeest/index.html]
[www.grote-wielen.nl/friksbeheer/wp-content/uploads/2018/02/Buitensport_009-468x468.jpg]
[www.grote-wielen.nl/wp-json/oembed/1.0/embed6095.json]
[www.grote-wielen.nl/wp-json/oembed/1.0/embedb16a]
[template.friks.it/friksbeheer/wp-content/uploads/2018/02/Buitensport_009-468x468-150x150.jpg]
[www.grote-wielen.nl/activiteiten/familie-break/index.html]
[www.grote-wielen.nl/friksbeheer/wp-content/uploads/2018/02/bow-929920_1920.jpg]
[www.grote-wielen.nl/wp-json/oembed/1.0/embedc36b.json]
[www.grote-wielen.nl/wp-json/oembed/1.0/embed1aa1]
[template.friks.it/friksbeheer/wp-content/uploads/2018/02/Survival-Kinderfeestje-Kollumeroord-klimnet_468x468-150x150.jpg]
[www.grote-wielen.nl/activiteiten/actief-kinderfeestje/index.html]
[www.grote-wielen.nl/friksbeheer/wp-content/uploads/2018/02/Sprotverenigingen-Team-Challenge_1-468x468-1.jpg]
[www.grote-wielen.nl/wp-json/oembed/1.0/embed50eb.json]
[www.grote-wielen.nl/wp-json/oembed/1.0/embed8032]
[www.grote-wielen.nl/friksbeheer/wp-content/uploads/2018/02/survival-1800x460.jpg]
[template.friks.it/friksbeheer/wp-content/uploads/2018/02/Sprotverenigingen-Team-Challenge_1-468x468-1.jpg]
[www.grote-wielen.nl/activiteiten/team-challenge/index.html]
[www.grote-wielen.nl/friksbeheer/wp-content/uploads/2018/01/pinguin.jpg]
[www.grote-wielen.nl/wp-json/oembed/1.0/embed7e29.json]
[www.grote-wielen.nl/wp-json/oembed/1.0/embed949c]
[www.grote-wielen.nl/friksbeheer/wp-content/uploads/2018/01/pinguin-1800x460.jpg]
[www.grote-wielen.nl/activiteiten/bezoek-aquazoo/index.html]
[www.grote-wielen.nl/friksbeheer/wp-content/uploads/2017/12/paintball-actiefoto.jpg]
[www.grote-wielen.nl/wp-json/oembed/1.0/embed9fe6.json]
[www.grote-wielen.nl/wp-json/oembed/1.0/embedb167]
[www.grote-wielen.nl/friksbeheer/wp-content/uploads/2017/12/paintball-actiefoto-1800x460.jpg]
[www.grote-wielen.nl/activiteiten/paintball/index.html]
[www.grote-wielen.nl/index80c9.html]
[www.grote-wielen.nl/indexb4c1.html]
[www.grote-wielen.nl/eten-en-drinken/lunchkaart/index.html]
[www.grote-wielen.nl/eten-en-drinken/keuzemenu-1/index.html]
[www.grote-wielen.nl/eten-en-drinken/keuzemenu-2/index.html]
[www.grote-wielen.nl/eten-en-drinken/menu-sierdswielen-en-wielenhals/index.html]
[www.grote-wielen.nl/eten-en-drinken/viergangen-kerstdiner/index.html]
[www.grote-wielen.nl/index9fa1.html]
[www.grote-wielen.nl/indexfe50.html]
[www.grote-wielen.nl/bedankt/index.html]
[www.grote-wielen.nl/wp-json/oembed/1.0/embede80b.json]
[www.grote-wielen.nl/wp-json/oembed/1.0/embedcbce]
[www.grote-wielen.nl/friksbeheer/wp-content/uploads/2017/12/Chaletverhuur-bij-De-Grote-Wielen-Leeuwarden-800x460.jpg]
[www.grote-wielen.nl/friksbeheer/wp-content/uploads/2017/12/Chaletverhuur-bij-De-Grote-Wielen-Leeuwarden-2-800x450.jpg]
[www.grote-wielen.nl/friksbeheer/wp-content/uploads/2017/12/Chaletverhuur-bij-De-Grote-Wielen-800x450.jpg]
[www.grote-wielen.nl/friksbeheer/wp-content/uploads/2017/12/Chaletverhuur-bij-De-Grote-Wielen-Leeuwarden-2-185x125.jpg]
[www.grote-wielen.nl/friksbeheer/wp-content/uploads/2017/12/Chaletverhuur-bij-De-Grote-Wielen-185x125.jpg]
[www.grote-wielen.nl/chaletverhuur-friesland/index.html]
[www.grote-wielen.nl/wp-json/oembed/1.0/embed6e5f.json]
[www.grote-wielen.nl/wp-json/oembed/1.0/embed05a6]
[www.grote-wielen.nl/chaletverhuur-leeuwarden/index.html]
[www.grote-wielen.nl/wp-json/oembed/1.0/embed7b36.json]
[www.grote-wielen.nl/wp-json/oembed/1.0/embed870f]
[consent.cookiebot.com/7fffc248-697c-4046-90ac-88697c2fbfec/cd.js]
[www.grote-wielen.nl/cookies/index.html]
[www.grote-wielen.nl/wp-json/oembed/1.0/embed72ce.json]
[www.grote-wielen.nl/wp-json/oembed/1.0/embed5438]
[www.grote-wielen.nl/eten-in-friesland/index.html]
[www.grote-wielen.nl/wp-json/oembed/1.0/embedb2a0.json]
[www.grote-wielen.nl/wp-json/oembed/1.0/embedab15]
[www.grote-wielen.nl/eten-in-leeuwarden/index.html]
[www.grote-wielen.nl/wp-json/oembed/1.0/embed0a82.json]
[www.grote-wielen.nl/wp-json/oembed/1.0/embedc6a5]
[www.grote-wielen.nl/friksbeheer/wp-content/uploads/2017/12/tafel-gedekt-1024x460.jpg]
[www.grote-wielen.nl/friksbeheer/wp-content/uploads/2017/11/header-hapjes-1-800x450.jpg]
[www.grote-wielen.nl/friksbeheer/wp-content/uploads/2017/11/header-hapjes-1-185x125.jpg]
[www.grote-wielen.nl/restaurant-friesland/index.html]
[www.grote-wielen.nl/wp-json/oembed/1.0/embed3f2e.json]
[www.grote-wielen.nl/wp-json/oembed/1.0/embedb332]
[www.grote-wielen.nl/restaurant-leeuwarden/index.html]
[www.grote-wielen.nl/wp-json/oembed/1.0/embed4fbb.json]
[www.grote-wielen.nl/wp-json/oembed/1.0/embed67f2]
[www.grote-wielen.nl/stacaravan-friesland/index.html]
[www.grote-wielen.nl/wp-json/oembed/1.0/embed3ac7.json]
[www.grote-wielen.nl/wp-json/oembed/1.0/embed7415]
[www.grote-wielen.nl/stacaravan-leeuwarden/index.html]
[www.grote-wielen.nl/wp-json/oembed/1.0/embedd908.json]
[www.grote-wielen.nl/wp-json/oembed/1.0/embed29d6]
[www.grote-wielen.nl/uit-eten-friesland/index.html]
[www.grote-wielen.nl/wp-json/oembed/1.0/embedbab0.json]
[www.grote-wielen.nl/wp-json/oembed/1.0/embedf484]
[www.grote-wielen.nl/uit-eten-leeuwarden/index.html]
[www.grote-wielen.nl/wp-json/oembed/1.0/embede248.json]
[www.grote-wielen.nl/wp-json/oembed/1.0/embed769f]
[www.grote-wielen.nl/vergaderlocatie-friesland/index.html]
[www.grote-wielen.nl/wp-json/oembed/1.0/embedea34.json]
[www.grote-wielen.nl/wp-json/oembed/1.0/embed6e6a]
[www.grote-wielen.nl/vergaderlocatie-leeuwarden/index.html]
[www.grote-wielen.nl/wp-json/oembed/1.0/embed6097.json]
[www.grote-wielen.nl/wp-json/oembed/1.0/embed6ede]
[www.grote-wielen.nl/vergaderruimte-friesland/index.html]
[www.grote-wielen.nl/wp-json/oembed/1.0/embed7c2c.json]
[www.grote-wielen.nl/wp-json/oembed/1.0/embed894c]
[www.grote-wielen.nl/vergaderruimte-leeuwarden/index.html]
[www.grote-wielen.nl/wp-json/oembed/1.0/embed316e.json]
[www.grote-wielen.nl/wp-json/oembed/1.0/embeda34f]
[www.grote-wielen.nl/viergangen-kerstdiner/index.html]
[www.grote-wielen.nl/index23ea.html]
[www.grote-wielen.nl/index9222.html]
[www.grote-wielen.nl/index5ee4.html]
[www.grote-wielen.nl/index12d0.html]
[www.grote-wielen.nl/indexe145.html]
[www.grote-wielen.nl/index672e.html]
[www.grote-wielen.nl/indexb351.html]
[www.grote-wielen.nl/index8fec.html]
[www.grote-wielen.nl/index64d4.html]
[www.grote-wielen.nl/indexa9ab.html]
[www.grote-wielen.nl/indexa942.html]
[www.grote-wielen.nl/index504f.html]
[www.grote-wielen.nl/index272e.html]
[www.grote-wielen.nl/index62bc.html]
[www.grote-wielen.nl/index2812.html]
[www.grote-wielen.nl/indexb45d.html]
[www.grote-wielen.nl/index4cfb.html]
[www.grote-wielen.nl/indexfcc0.html]
[www.grote-wielen.nl/index53ba.html]
[www.grote-wielen.nl/index5a14.html]
[www.grote-wielen.nl/index914d.html]
[consent.cookiebot.com/7fffc248-697c-4046-90ac-88697c2fbfec/cdreport.js]
[consent.cookiebot.com/7fffc248-697c-4046-90ac-88697c2fbfec/cd.js]
[www.grote-wielen.nl/indexf8fc.html]
[www.grote-wielen.nl/indexce2e.html]
[www.grote-wielen.nl/index8372.html]
[www.grote-wielen.nl/index3dea.html]
[www.grote-wielen.nl/indexf763.html]
[www.grote-wielen.nl/indexe703.html]
[www.grote-wielen.nl/index5cd0.html]
[www.grote-wielen.nl/index0971.html]
[www.grote-wielen.nl/indexc9fb.html]
[www.grote-wielen.nl/index8989.html]
[www.grote-wielen.nl/index55df.html]
[www.grote-wielen.nl/index4c2b.html]
[www.grote-wielen.nl/indexc9bf.html]
[consent.cookiebot.com/7fffc248-697c-4046-90ac-88697c2fbfec/cdreport.js]
